// Jest Snapshot v1, https://goo.gl/fbAQLP

exports[`Tests for GifApp component It should render the component correctly 1`] = `
<Fragment>
  <h1
    id="title"
  >
    Giph App
  </h1>
  <AddCategory
    setCategories={[Function]}
  />
  <hr />
  <ol>
    <GifCollection
      category="Bob esponja"
      key="Bob esponja"
    />
  </ol>
</Fragment>
`;
